// Jest Snapshot v1, https://goo.gl/fbAQLP

exports[`expect to render counterbutton component 1`] = `ShallowWrapper {}`;
